[INFO] Scanning for projects...
[INFO] 
[INFO] ---------------------< com.kimheng:config-server >----------------------
[INFO] Building  0.0.1-SNAPSHOT
[INFO]   from pom.xml
[INFO] --------------------------------[ jar ]---------------------------------
[INFO] 
[INFO] --- clean:3.5.0:clean (default-clean) @ config-server ---
[INFO] Deleting C:\Users\lengk\OneDrive\Desktop\Practice\banking_microservice\config-server\target
[INFO] 
[INFO] --- resources:3.3.1:resources (default-resources) @ config-server ---
[INFO] Copying 1 resource from src\main\resources to target\classes
[INFO] Copying 1 resource from src\main\resources to target\classes
[INFO] 
[INFO] --- compiler:3.14.1:compile (default-compile) @ config-server ---
[INFO] Recompiling the module because of changed source code.
[INFO] Compiling 1 source file with javac [debug parameters release 25] to target\classes
[INFO] 
[INFO] --- resources:3.3.1:testResources (default-testResources) @ config-server ---
[INFO] skip non existing resourceDirectory C:\Users\lengk\OneDrive\Desktop\Practice\banking_microservice\config-server\src\test\resources
[INFO] 
[INFO] --- compiler:3.14.1:testCompile (default-testCompile) @ config-server ---
[INFO] Recompiling the module because of changed dependency.
[INFO] Compiling 1 source file with javac [debug parameters release 25] to target\test-classes
[INFO] 
[INFO] --- surefire:3.5.5:test (default-test) @ config-server ---
[INFO] Using auto detected provider org.apache.maven.surefire.junitplatform.JUnitPlatformProvider
[INFO] 
[INFO] -------------------------------------------------------
[INFO]  T E S T S
[INFO] -------------------------------------------------------
[INFO] Running com.kimheng.configserver.ConfigServerApplicationTests
17:44:00.958 [main] INFO org.springframework.test.context.support.AnnotationConfigContextLoaderUtils -- Could not detect default configuration classes for test class [com.kimheng.configserver.ConfigServerApplicationTests]: ConfigServerApplicationTests does not declare any static, non-private, non-final, nested classes annotated with @Configuration.
17:44:01.198 [main] INFO org.springframework.boot.test.context.SpringBootTestContextBootstrapper -- Found @SpringBootConfiguration com.kimheng.configserver.ConfigServerApplication for test class com.kimheng.configserver.ConfigServerApplicationTests
17:44:01.399 [main] INFO org.springframework.test.context.support.AnnotationConfigContextLoaderUtils -- Could not detect default configuration classes for test class [com.kimheng.configserver.ConfigServerApplicationTests]: ConfigServerApplicationTests does not declare any static, non-private, non-final, nested classes annotated with @Configuration.
17:44:01.402 [main] INFO org.springframework.boot.test.context.SpringBootTestContextBootstrapper -- Found @SpringBootConfiguration com.kimheng.configserver.ConfigServerApplication for test class com.kimheng.configserver.ConfigServerApplicationTests
 ____  ____  _      _____ _  _____   ____  _____ ____  _     _____ ____   
/   _\/  _ \/ \  /|/    // \/  __/  / ___\/  __//  __\/ \ |\/  __//  __\  
|  /  | / \|| |\ |||  __\| || |  _  |    \|  \  |  \/|| | //|  \  |  \/|  
|  \__| \_/|| | \||| |   | || |_//  \___ ||  /_ |    /| \// |  /_ |    /  
\____/\____/\_/  \|\_/   \_/\____\  \____/\____\\_/\_\\__/  \____\\_/\_\  
                                                                          
2026-05-31T17:44:03.917+07:00  INFO 14080 --- [bank-config-server] [           main] c.k.c.ConfigServerApplicationTests       : Starting ConfigServerApplicationTests using Java 25.0.2 with PID 14080 (started by lengk in C:\Users\lengk\OneDrive\Desktop\Practice\banking_microservice\config-server)
2026-05-31T17:44:03.922+07:00  INFO 14080 --- [bank-config-server] [           main] c.k.c.ConfigServerApplicationTests       : No active profile set, falling back to 1 default profile: "default"
2026-05-31T17:44:06.150+07:00  INFO 14080 --- [bank-config-server] [           main] o.s.cloud.context.scope.GenericScope     : BeanFactory id=11dda5be-f3fd-3927-aada-edbecb9bf400
2026-05-31T17:44:08.814+07:00  INFO 14080 --- [bank-config-server] [           main] o.s.cloud.commons.util.InetUtils         : Cannot determine local hostname
2026-05-31T17:44:13.138+07:00  INFO 14080 --- [bank-config-server] [           main] c.k.c.ConfigServerApplicationTests       : Started ConfigServerApplicationTests in 11.322 seconds (process running for 14.021)
[INFO] Tests run: 1, Failures: 0, Errors: 0, Skipped: 0, Time elapsed: 13.97 s -- in com.kimheng.configserver.ConfigServerApplicationTests
[INFO] 
[INFO] Results:
[INFO] 
[INFO] Tests run: 1, Failures: 0, Errors: 0, Skipped: 0
[INFO] 
[INFO] 
[INFO] --- jar:3.4.2:jar (default-jar) @ config-server ---
[INFO] Building jar: C:\Users\lengk\OneDrive\Desktop\Practice\banking_microservice\config-server\target\config-server-0.0.1-SNAPSHOT.jar
[INFO] 
[INFO] --- spring-boot:4.0.6:repackage (repackage) @ config-server ---
[INFO] Replacing main artifact C:\Users\lengk\OneDrive\Desktop\Practice\banking_microservice\config-server\target\config-server-0.0.1-SNAPSHOT.jar with repackaged archive, adding nested dependencies in BOOT-INF/.
[INFO] The original artifact has been renamed to C:\Users\lengk\OneDrive\Desktop\Practice\banking_microservice\config-server\target\config-server-0.0.1-SNAPSHOT.jar.original
[INFO] ------------------------------------------------------------------------
[INFO] BUILD SUCCESS
[INFO] ------------------------------------------------------------------------
[INFO] Total time:  29.185 s
[INFO] Finished at: 2026-05-31T17:44:16+07:00
[INFO] ------------------------------------------------------------------------

C:\Users\lengk\OneDrive\Desktop\Practice\banking_microservice>

C:\Users\lengk\OneDrive\Desktop\Practice\banking_microservice>