[INFO] Scanning for projects...
[INFO] 
[INFO] --------------------------< com.kimheng:loan >--------------------------
[INFO] Building  0.0.1-SNAPSHOT
[INFO]   from pom.xml
[INFO] --------------------------------[ jar ]---------------------------------
[INFO] 
[INFO] --- clean:3.5.0:clean (default-clean) @ loan ---
[INFO] Deleting C:\Users\lengk\OneDrive\Desktop\Practice\banking_microservice\loan\target
[INFO] 
[INFO] --- resources:3.3.1:resources (default-resources) @ loan ---
[INFO] Copying 1 resource from src\main\resources to target\classes
[INFO] Copying 0 resource from src\main\resources to target\classes
[INFO] 
[INFO] --- compiler:3.14.1:compile (default-compile) @ loan ---
[INFO] Recompiling the module because of changed source code.
[INFO] Compiling 8 source files with javac [debug parameters release 25] to target\classes
[INFO] 
[INFO] --- resources:3.3.1:testResources (default-testResources) @ loan ---
[INFO] skip non existing resourceDirectory C:\Users\lengk\OneDrive\Desktop\Practice\banking_microservice\loan\src\test\resources
[INFO] 
[INFO] --- compiler:3.14.1:testCompile (default-testCompile) @ loan ---
[INFO] No sources to compile
[INFO] 
[INFO] --- surefire:3.5.5:test (default-test) @ loan ---
[INFO] No tests to run.
[INFO] 
[INFO] --- jar:3.4.2:jar (default-jar) @ loan ---
[INFO] Building jar: C:\Users\lengk\OneDrive\Desktop\Practice\banking_microservice\loan\target\loan-0.0.1-SNAPSHOT.jar
[INFO] 
[INFO] --- spring-boot:4.0.6:repackage (repackage) @ loan ---
[INFO] Replacing main artifact C:\Users\lengk\OneDrive\Desktop\Practice\banking_microservice\loan\target\loan-0.0.1-SNAPSHOT.jar with repackaged archive, adding nested dependencies in BOOT-INF/.
[INFO] The original artifact has been renamed to C:\Users\lengk\OneDrive\Desktop\Practice\banking_microservice\loan\target\loan-0.0.1-SNAPSHOT.jar.original
[INFO] ------------------------------------------------------------------------
[INFO] BUILD SUCCESS
[INFO] ------------------------------------------------------------------------
[INFO] Total time:  17.169 s
[INFO] Finished at: 2026-05-31T17:44:04+07:00
[INFO] ------------------------------------------------------------------------

C:\Users\lengk\OneDrive\Desktop\Practice\banking_microservice>